Component: Arm Compiler for Embedded 6.19 Tool: armlink [5e73cb00]

==============================================================================

Section Cross References

    projectsa.o(.text.get_number_from_keypad) refers to projectsa.o(.text.Delay) for Delay
    projectsa.o(.text.get_number_from_keypad) refers to projectsa.o(.text.keypad_getkey) for keypad_getkey
    projectsa.o(.text.get_number_from_keypad) refers to projectsa.o(.text.LCD_data) for LCD_data
    projectsa.o(.ARM.exidx.text.get_number_from_keypad) refers to projectsa.o(.text.get_number_from_keypad) for [Anonymous Symbol]
    projectsa.o(.ARM.exidx.text.Delay) refers to projectsa.o(.text.Delay) for [Anonymous Symbol]
    projectsa.o(.text.keypad_getkey) refers to projectsa.o(.text.Delay) for Delay
    projectsa.o(.ARM.exidx.text.keypad_getkey) refers to projectsa.o(.text.keypad_getkey) for [Anonymous Symbol]
    projectsa.o(.text.LCD_data) refers to projectsa.o(.text.LCD_ready) for LCD_ready
    projectsa.o(.text.LCD_data) refers to projectsa.o(.text.Delay) for Delay
    projectsa.o(.ARM.exidx.text.LCD_data) refers to projectsa.o(.text.LCD_data) for [Anonymous Symbol]
    projectsa.o(.text.read_to_buffer) refers to projectsa.o(.text.keypad_getkey) for keypad_getkey
    projectsa.o(.text.read_to_buffer) refers to projectsa.o(.text.Delay) for Delay
    projectsa.o(.text.read_to_buffer) refers to projectsa.o(.text.clear_lcd) for clear_lcd
    projectsa.o(.text.read_to_buffer) refers to projectsa.o(.text.print_fnc) for print_fnc
    projectsa.o(.ARM.exidx.text.read_to_buffer) refers to projectsa.o(.text.read_to_buffer) for [Anonymous Symbol]
    projectsa.o(.text.clear_lcd) refers to projectsa.o(.text.LCD_command) for LCD_command
    projectsa.o(.text.clear_lcd) refers to projectsa.o(.text.LCD_data) for LCD_data
    projectsa.o(.ARM.exidx.text.clear_lcd) refers to projectsa.o(.text.clear_lcd) for [Anonymous Symbol]
    projectsa.o(.text.print_fnc) refers to projectsa.o(.text.LCD_data) for LCD_data
    projectsa.o(.ARM.exidx.text.print_fnc) refers to projectsa.o(.text.print_fnc) for [Anonymous Symbol]
    projectsa.o(.text.print_to_arr) refers to ffixi.o(.text) for __aeabi_f2iz
    projectsa.o(.text.print_to_arr) refers to fflti.o(.text) for __aeabi_i2f
    projectsa.o(.text.print_to_arr) refers to faddsub.o(x$fpl$fsub) for __aeabi_fsub
    projectsa.o(.text.print_to_arr) refers to fmul.o(x$fpl$fmul) for __aeabi_fmul
    projectsa.o(.text.print_to_arr) refers to aeabi_sdiv.o(.text) for __aeabi_idiv
    projectsa.o(.ARM.exidx.text.print_to_arr) refers to projectsa.o(.text.print_to_arr) for [Anonymous Symbol]
    projectsa.o(.text.blink) refers to projectsa.o(.text.Delay) for Delay
    projectsa.o(.ARM.exidx.text.blink) refers to projectsa.o(.text.blink) for [Anonymous Symbol]
    projectsa.o(.text.LCD_command) refers to projectsa.o(.text.LCD_ready) for LCD_ready
    projectsa.o(.text.LCD_command) refers to projectsa.o(.text.Delay) for Delay
    projectsa.o(.ARM.exidx.text.LCD_command) refers to projectsa.o(.text.LCD_command) for [Anonymous Symbol]
    projectsa.o(.text.LCD_init) refers to projectsa.o(.text.LCD_command) for LCD_command
    projectsa.o(.ARM.exidx.text.LCD_init) refers to projectsa.o(.text.LCD_init) for [Anonymous Symbol]
    projectsa.o(.text.LCD_ready) refers to projectsa.o(.text.Delay) for Delay
    projectsa.o(.ARM.exidx.text.LCD_ready) refers to projectsa.o(.text.LCD_ready) for [Anonymous Symbol]
    projectsa.o(.ARM.exidx.text.keypad_init) refers to projectsa.o(.text.keypad_init) for [Anonymous Symbol]
    projectsa.o(.text.main) refers to projectsa.o(.text.LCD_init) for LCD_init
    projectsa.o(.text.main) refers to projectsa.o(.text.__NVIC_EnableIRQ) for __NVIC_EnableIRQ
    projectsa.o(.text.main) refers to projectsa.o(.text.DAC0_init) for DAC0_init
    projectsa.o(.text.main) refers to projectsa.o(.text.ADC0_init) for ADC0_init
    projectsa.o(.text.main) refers to fflti.o(.text) for __aeabi_i2f
    projectsa.o(.text.main) refers to fmul.o(x$fpl$fmul) for __aeabi_fmul
    projectsa.o(.text.main) refers to ffixi.o(.text) for __aeabi_f2iz
    projectsa.o(.text.main) refers to projectsa.o(.text.Delay) for Delay
    projectsa.o(.text.main) refers to dflti.o(.text) for __aeabi_ui2d
    projectsa.o(.text.main) refers to ddiv.o(.text) for __aeabi_ddiv
    projectsa.o(.text.main) refers to d2f.o(.text) for __aeabi_d2f
    projectsa.o(.text.main) refers to projectsa.o(.bss.k) for k
    projectsa.o(.text.main) refers to projectsa.o(.rodata.main.sawtooth) for [Anonymous Symbol]
    projectsa.o(.text.main) refers to projectsa.o(.data.n) for [Anonymous Symbol]
    projectsa.o(.text.main) refers to projectsa.o(.rodata.main.sinewave) for [Anonymous Symbol]
    projectsa.o(.text.main) refers to projectsa.o(.rodata.main.squarewave) for [Anonymous Symbol]
    projectsa.o(.ARM.exidx.text.main) refers to projectsa.o(.text.main) for [Anonymous Symbol]
    projectsa.o(.ARM.exidx.text.__NVIC_EnableIRQ) refers to projectsa.o(.text.__NVIC_EnableIRQ) for [Anonymous Symbol]
    projectsa.o(.ARM.exidx.text.DAC0_init) refers to projectsa.o(.text.DAC0_init) for [Anonymous Symbol]
    projectsa.o(.ARM.exidx.text.ADC0_init) refers to projectsa.o(.text.ADC0_init) for [Anonymous Symbol]
    projectsa.o(.text.SysTick_Handler) refers to dflti.o(.text) for __aeabi_ui2d
    projectsa.o(.text.SysTick_Handler) refers to dmul.o(.text) for __aeabi_dmul
    projectsa.o(.text.SysTick_Handler) refers to ddiv.o(.text) for __aeabi_ddiv
    projectsa.o(.text.SysTick_Handler) refers to dfixui.o(.text) for __aeabi_d2uiz
    projectsa.o(.text.SysTick_Handler) refers to aeabi_sdiv.o(.text) for __aeabi_uidivmod
    projectsa.o(.text.SysTick_Handler) refers to projectsa.o(.text.LCD_command) for LCD_command
    projectsa.o(.text.SysTick_Handler) refers to projectsa.o(.text.print_fnc) for print_fnc
    projectsa.o(.text.SysTick_Handler) refers to projectsa.o(.text.LCD_data) for LCD_data
    projectsa.o(.text.SysTick_Handler) refers to projectsa.o(.rodata.str1.1) for [Anonymous Symbol]
    projectsa.o(.ARM.exidx.text.SysTick_Handler) refers to projectsa.o(.text.SysTick_Handler) for [Anonymous Symbol]
    projectsa.o(.text.PORTA_IRQHandler) refers to projectsa.o(.text.Delay) for Delay
    projectsa.o(.text.PORTA_IRQHandler) refers to aeabi_sdiv.o(.text) for __aeabi_idivmod
    projectsa.o(.text.PORTA_IRQHandler) refers to projectsa.o(.bss.k) for k
    projectsa.o(.ARM.exidx.text.PORTA_IRQHandler) refers to projectsa.o(.text.PORTA_IRQHandler) for [Anonymous Symbol]
    startup_mkl25z4.o(STACK) refers (Special) to heapauxi.o(.text) for __use_two_region_memory
    startup_mkl25z4.o(HEAP) refers (Special) to heapauxi.o(.text) for __use_two_region_memory
    startup_mkl25z4.o(RESET) refers (Special) to heapauxi.o(.text) for __use_two_region_memory
    startup_mkl25z4.o(RESET) refers to startup_mkl25z4.o(STACK) for __initial_sp
    startup_mkl25z4.o(RESET) refers to startup_mkl25z4.o(.text) for Reset_Handler
    startup_mkl25z4.o(RESET) refers to projectsa.o(.text.SysTick_Handler) for SysTick_Handler
    startup_mkl25z4.o(RESET) refers to projectsa.o(.text.PORTA_IRQHandler) for PORTA_IRQHandler
    startup_mkl25z4.o(.ARM.__at_0x400) refers (Special) to heapauxi.o(.text) for __use_two_region_memory
    startup_mkl25z4.o(.text) refers (Special) to heapauxi.o(.text) for __use_two_region_memory
    startup_mkl25z4.o(.text) refers to system_mkl25z4.o(.text.SystemInit) for SystemInit
    startup_mkl25z4.o(.text) refers to __main.o(!!!main) for __main
    startup_mkl25z4.o(.text) refers to startup_mkl25z4.o(HEAP) for Heap_Mem
    startup_mkl25z4.o(.text) refers to startup_mkl25z4.o(STACK) for Stack_Mem
    system_mkl25z4.o(.ARM.exidx.text.SystemInit) refers to system_mkl25z4.o(.text.SystemInit) for [Anonymous Symbol]
    system_mkl25z4.o(.text.SystemCoreClockUpdate) refers to aeabi_sdiv.o(.text) for __aeabi_uidiv
    system_mkl25z4.o(.text.SystemCoreClockUpdate) refers to system_mkl25z4.o(.data.SystemCoreClock) for SystemCoreClock
    system_mkl25z4.o(.ARM.exidx.text.SystemCoreClockUpdate) refers to system_mkl25z4.o(.text.SystemCoreClockUpdate) for [Anonymous Symbol]
    __main.o(!!!main) refers to __rtentry.o(.ARM.Collect$$rtentry$$00000000) for __rt_entry
    d2f.o(.text) refers (Special) to usenofp.o(x$fpl$usenofp) for __I$use$fp
    ddiv.o(.text) refers (Special) to usenofp.o(x$fpl$usenofp) for __I$use$fp
    ddiv.o(.text) refers to ddiv.o(.constdata) for .constdata
    ddiv.o(.constdata) refers (Special) to usenofp.o(x$fpl$usenofp) for __I$use$fp
    dfixui.o(.text) refers (Special) to usenofp.o(x$fpl$usenofp) for __I$use$fp
    dflti.o(.text) refers (Special) to usenofp.o(x$fpl$usenofp) for __I$use$fp
    dmul.o(.text) refers (Special) to usenofp.o(x$fpl$usenofp) for __I$use$fp
    faddsub.o(x$fpl$fadd) refers (Special) to usenofp.o(x$fpl$usenofp) for __I$use$fp
    faddsub.o(x$fpl$fadd) refers to faddsub.o(x$fpl$fsub) for _fsub1
    faddsub.o(x$fpl$frsb) refers (Special) to usenofp.o(x$fpl$usenofp) for __I$use$fp
    faddsub.o(x$fpl$frsb) refers to faddsub.o(x$fpl$fsub) for _fsub1
    faddsub.o(x$fpl$frsb) refers to faddsub.o(x$fpl$fadd) for _fadd1
    faddsub.o(x$fpl$fsub) refers (Special) to usenofp.o(x$fpl$usenofp) for __I$use$fp
    faddsub.o(x$fpl$fsub) refers to faddsub.o(x$fpl$fadd) for _fadd1
    ffixi.o(.text) refers (Special) to usenofp.o(x$fpl$usenofp) for __I$use$fp
    fflti.o(.text) refers (Special) to usenofp.o(x$fpl$usenofp) for __I$use$fp
    fmul.o(x$fpl$fmul) refers (Special) to usenofp.o(x$fpl$usenofp) for __I$use$fp
    __rtentry.o(.ARM.Collect$$rtentry$$00000000) refers (Special) to __rtentry2.o(.ARM.Collect$$rtentry$$0000000A) for __rt_entry_li
    __rtentry.o(.ARM.Collect$$rtentry$$00000000) refers (Special) to __rtentry2.o(.ARM.Collect$$rtentry$$0000000D) for __rt_entry_main
    __rtentry.o(.ARM.Collect$$rtentry$$00000000) refers (Special) to __rtentry2.o(.ARM.Collect$$rtentry$$0000000C) for __rt_entry_postli_1
    __rtentry.o(.ARM.Collect$$rtentry$$00000000) refers (Special) to __rtentry2.o(.ARM.Collect$$rtentry$$00000009) for __rt_entry_postsh_1
    __rtentry.o(.ARM.Collect$$rtentry$$00000000) refers (Special) to __rtentry2.o(.ARM.Collect$$rtentry$$00000002) for __rt_entry_presh_1
    __rtentry.o(.ARM.Collect$$rtentry$$00000000) refers (Special) to __rtentry4.o(.ARM.Collect$$rtentry$$00000004) for __rt_entry_sh
    aeabi_idiv0_sigfpe.o(.text) refers to rt_div0.o(.text) for __rt_div0
    __rtentry2.o(.ARM.Collect$$rtentry$$00000008) refers to boardinit2.o(.text) for _platform_post_stackheap_init
    __rtentry2.o(.ARM.Collect$$rtentry$$0000000A) refers to libinit.o(.ARM.Collect$$libinit$$00000000) for __rt_lib_init
    __rtentry2.o(.ARM.Collect$$rtentry$$0000000B) refers to boardinit3.o(.text) for _platform_post_lib_init
    __rtentry2.o(.ARM.Collect$$rtentry$$0000000D) refers to projectsa.o(.text.main) for main
    __rtentry2.o(.ARM.Collect$$rtentry$$0000000D) refers to exit.o(.text) for exit
    __rtentry2.o(.ARM.exidx) refers to __rtentry2.o(.ARM.Collect$$rtentry$$00000001) for .ARM.Collect$$rtentry$$00000001
    __rtentry2.o(.ARM.exidx) refers to __rtentry2.o(.ARM.Collect$$rtentry$$00000008) for .ARM.Collect$$rtentry$$00000008
    __rtentry2.o(.ARM.exidx) refers to __rtentry2.o(.ARM.Collect$$rtentry$$0000000A) for .ARM.Collect$$rtentry$$0000000A
    __rtentry2.o(.ARM.exidx) refers to __rtentry2.o(.ARM.Collect$$rtentry$$0000000B) for .ARM.Collect$$rtentry$$0000000B
    __rtentry2.o(.ARM.exidx) refers to __rtentry2.o(.ARM.Collect$$rtentry$$0000000D) for .ARM.Collect$$rtentry$$0000000D
    __rtentry4.o(.ARM.Collect$$rtentry$$00000004) refers to sys_stackheap_outer.o(.text) for __user_setup_stackheap
    __rtentry4.o(.ARM.exidx) refers to __rtentry4.o(.ARM.Collect$$rtentry$$00000004) for .ARM.Collect$$rtentry$$00000004
    rt_div0.o(.text) refers to defsig_fpe_outer.o(.text) for __rt_SIGFPE
    sys_stackheap_outer.o(.text) refers to libspace.o(.text) for __user_perproc_libspace
    sys_stackheap_outer.o(.text) refers to startup_mkl25z4.o(.text) for __user_initial_stackheap
    sys_stackheap_outer.o(__vectab_stack_and_reset_area) refers to tempstk.o(.text) for __temporary_stack_top
    sys_stackheap_outer.o(__vectab_stack_and_reset_area) refers to __main.o(!!!main) for __main
    exit.o(.text) refers to rtexit.o(.ARM.Collect$$rtexit$$00000000) for __rt_exit
    defsig_fpe_outer.o(.text) refers to defsig_fpe_inner.o(.text) for __rt_SIGFPE_inner
    defsig_fpe_outer.o(.text) refers to defsig_exit.o(.text) for __sig_exit
    defsig_fpe_formal.o(.text) refers to rt_raise.o(.text) for __rt_raise
    libinit.o(.ARM.Collect$$libinit$$00000000) refers (Special) to libinit2.o(.ARM.Collect$$libinit$$00000030) for __rt_lib_init_alloca_1
    libinit.o(.ARM.Collect$$libinit$$00000000) refers (Special) to libinit2.o(.ARM.Collect$$libinit$$0000002E) for __rt_lib_init_argv_1
    libinit.o(.ARM.Collect$$libinit$$00000000) refers (Special) to libinit2.o(.ARM.Collect$$libinit$$0000001D) for __rt_lib_init_atexit_1
    libinit.o(.ARM.Collect$$libinit$$00000000) refers (Special) to libinit2.o(.ARM.Collect$$libinit$$00000023) for __rt_lib_init_clock_1
    libinit.o(.ARM.Collect$$libinit$$00000000) refers (Special) to libinit2.o(.ARM.Collect$$libinit$$00000034) for __rt_lib_init_cpp_1
    libinit.o(.ARM.Collect$$libinit$$00000000) refers (Special) to libinit2.o(.ARM.Collect$$libinit$$00000032) for __rt_lib_init_exceptions_1
    libinit.o(.ARM.Collect$$libinit$$00000000) refers (Special) to libinit2.o(.ARM.Collect$$libinit$$00000002) for __rt_lib_init_fp_1
    libinit.o(.ARM.Collect$$libinit$$00000000) refers (Special) to libinit2.o(.ARM.Collect$$libinit$$00000021) for __rt_lib_init_fp_trap_1
    libinit.o(.ARM.Collect$$libinit$$00000000) refers (Special) to libinit2.o(.ARM.Collect$$libinit$$00000025) for __rt_lib_init_getenv_1
    libinit.o(.ARM.Collect$$libinit$$00000000) refers (Special) to libinit2.o(.ARM.Collect$$libinit$$0000000C) for __rt_lib_init_heap_1
    libinit.o(.ARM.Collect$$libinit$$00000000) refers (Special) to libinit2.o(.ARM.Collect$$libinit$$00000013) for __rt_lib_init_lc_collate_1
    libinit.o(.ARM.Collect$$libinit$$00000000) refers (Special) to libinit2.o(.ARM.Collect$$libinit$$00000015) for __rt_lib_init_lc_ctype_1
    libinit.o(.ARM.Collect$$libinit$$00000000) refers (Special) to libinit2.o(.ARM.Collect$$libinit$$00000017) for __rt_lib_init_lc_monetary_1
    libinit.o(.ARM.Collect$$libinit$$00000000) refers (Special) to libinit2.o(.ARM.Collect$$libinit$$00000019) for __rt_lib_init_lc_numeric_1
    libinit.o(.ARM.Collect$$libinit$$00000000) refers (Special) to libinit2.o(.ARM.Collect$$libinit$$0000001B) for __rt_lib_init_lc_time_1
    libinit.o(.ARM.Collect$$libinit$$00000000) refers (Special) to libinit2.o(.ARM.Collect$$libinit$$00000006) for __rt_lib_init_preinit_1
    libinit.o(.ARM.Collect$$libinit$$00000000) refers (Special) to libinit2.o(.ARM.Collect$$libinit$$00000010) for __rt_lib_init_rand_1
    libinit.o(.ARM.Collect$$libinit$$00000000) refers (Special) to libinit2.o(.ARM.Collect$$libinit$$00000004) for __rt_lib_init_relocate_pie_1
    libinit.o(.ARM.Collect$$libinit$$00000000) refers (Special) to libinit2.o(.ARM.Collect$$libinit$$00000035) for __rt_lib_init_return
    libinit.o(.ARM.Collect$$libinit$$00000000) refers (Special) to libinit2.o(.ARM.Collect$$libinit$$0000001F) for __rt_lib_init_signal_1
    libinit.o(.ARM.Collect$$libinit$$00000000) refers (Special) to libinit2.o(.ARM.Collect$$libinit$$00000027) for __rt_lib_init_stdio_1
    libinit.o(.ARM.Collect$$libinit$$00000000) refers (Special) to libinit2.o(.ARM.Collect$$libinit$$0000000E) for __rt_lib_init_user_alloc_1
    libspace.o(.text) refers to libspace.o(.bss) for __libspace_start
    rtexit.o(.ARM.Collect$$rtexit$$00000000) refers (Special) to rtexit2.o(.ARM.Collect$$rtexit$$00000004) for __rt_exit_exit
    rtexit.o(.ARM.Collect$$rtexit$$00000000) refers (Special) to rtexit2.o(.ARM.Collect$$rtexit$$00000003) for __rt_exit_ls
    rtexit.o(.ARM.Collect$$rtexit$$00000000) refers (Special) to rtexit2.o(.ARM.Collect$$rtexit$$00000002) for __rt_exit_prels_1
    rtexit.o(.ARM.exidx) refers (Special) to rtexit2.o(.ARM.Collect$$rtexit$$00000004) for __rt_exit_exit
    rtexit.o(.ARM.exidx) refers (Special) to rtexit2.o(.ARM.Collect$$rtexit$$00000003) for __rt_exit_ls
    rtexit.o(.ARM.exidx) refers (Special) to rtexit2.o(.ARM.Collect$$rtexit$$00000002) for __rt_exit_prels_1
    rtexit.o(.ARM.exidx) refers to rtexit.o(.ARM.Collect$$rtexit$$00000000) for .ARM.Collect$$rtexit$$00000000
    rt_raise.o(.text) refers to __raise.o(.text) for __raise
    rt_raise.o(.text) refers to sys_exit.o(.text) for _sys_exit
    defsig_exit.o(.text) refers to sys_exit.o(.text) for _sys_exit
    defsig_fpe_inner.o(.text) refers to defsig_general.o(.text) for __default_signal_display
    libinit2.o(.ARM.Collect$$libinit$$00000012) refers to libinit2.o(.ARM.Collect$$libinit$$00000011) for .ARM.Collect$$libinit$$00000011
    libinit2.o(.ARM.Collect$$libinit$$00000014) refers to libinit2.o(.ARM.Collect$$libinit$$00000011) for .ARM.Collect$$libinit$$00000011
    libinit2.o(.ARM.Collect$$libinit$$00000016) refers to libinit2.o(.ARM.Collect$$libinit$$00000011) for .ARM.Collect$$libinit$$00000011
    libinit2.o(.ARM.Collect$$libinit$$00000018) refers to libinit2.o(.ARM.Collect$$libinit$$00000011) for .ARM.Collect$$libinit$$00000011
    libinit2.o(.ARM.Collect$$libinit$$0000001A) refers to libinit2.o(.ARM.Collect$$libinit$$00000011) for .ARM.Collect$$libinit$$00000011
    libinit2.o(.ARM.Collect$$libinit$$00000028) refers to argv_veneer.o(.text) for __ARM_argv_veneer
    libinit2.o(.ARM.Collect$$libinit$$00000029) refers to argv_veneer.o(.text) for __ARM_argv_veneer
    sys_exit.o(.text) refers (Special) to use_no_semi.o(.text) for __I$use$semihosting
    sys_exit.o(.text) refers (Special) to indicate_semi.o(.text) for __semihosting_library_function
    sys_exit_hlt.o(.text) refers (Special) to use_no_semi.o(.text) for __I$use$semihosting
    sys_exit_hlt.o(.text) refers (Special) to indicate_semi.o(.text) for __semihosting_library_function
    rtexit2.o(.ARM.Collect$$rtexit$$00000003) refers to libshutdown.o(.ARM.Collect$$libshutdown$$00000000) for __rt_lib_shutdown
    rtexit2.o(.ARM.Collect$$rtexit$$00000004) refers to sys_exit.o(.text) for _sys_exit
    rtexit2.o(.ARM.exidx) refers to rtexit2.o(.ARM.Collect$$rtexit$$00000001) for .ARM.Collect$$rtexit$$00000001
    rtexit2.o(.ARM.exidx) refers to rtexit2.o(.ARM.Collect$$rtexit$$00000003) for .ARM.Collect$$rtexit$$00000003
    rtexit2.o(.ARM.exidx) refers to rtexit2.o(.ARM.Collect$$rtexit$$00000004) for .ARM.Collect$$rtexit$$00000004
    __raise.o(.text) refers to defsig.o(CL$$defsig) for __default_signal_handler
    defsig_general.o(.text) refers to sys_wrch.o(.text) for _ttywrch
    sys_wrch.o(.text) refers (Special) to use_no_semi.o(.text) for __I$use$semihosting
    sys_wrch.o(.text) refers (Special) to indicate_semi.o(.text) for __semihosting_library_function
    sys_wrch_hlt.o(.text) refers (Special) to use_no_semi.o(.text) for __I$use$semihosting
    sys_wrch_hlt.o(.text) refers (Special) to indicate_semi.o(.text) for __semihosting_library_function
    defsig.o(CL$$defsig) refers to defsig_fpe_inner.o(.text) for __rt_SIGFPE_inner
    defsig.o(CL$$defsig) refers to defsig_rtmem_inner.o(.text) for __rt_SIGRTMEM_inner
    _get_argv_nomalloc.o(.text) refers (Special) to hrguard.o(.text) for __heap_region$guard
    _get_argv_nomalloc.o(.text) refers to defsig_rtmem_outer.o(.text) for __rt_SIGRTMEM
    _get_argv_nomalloc.o(.text) refers to sys_command.o(.text) for _sys_command_string
    libshutdown.o(.ARM.Collect$$libshutdown$$00000000) refers (Special) to libshutdown2.o(.ARM.Collect$$libshutdown$$00000002) for __rt_lib_shutdown_cpp_1
    libshutdown.o(.ARM.Collect$$libshutdown$$00000000) refers (Special) to libshutdown2.o(.ARM.Collect$$libshutdown$$00000007) for __rt_lib_shutdown_fp_trap_1
    libshutdown.o(.ARM.Collect$$libshutdown$$00000000) refers (Special) to libshutdown2.o(.ARM.Collect$$libshutdown$$0000000F) for __rt_lib_shutdown_heap_1
    libshutdown.o(.ARM.Collect$$libshutdown$$00000000) refers (Special) to libshutdown2.o(.ARM.Collect$$libshutdown$$00000010) for __rt_lib_shutdown_return
    libshutdown.o(.ARM.Collect$$libshutdown$$00000000) refers (Special) to libshutdown2.o(.ARM.Collect$$libshutdown$$0000000A) for __rt_lib_shutdown_signal_1
    libshutdown.o(.ARM.Collect$$libshutdown$$00000000) refers (Special) to libshutdown2.o(.ARM.Collect$$libshutdown$$00000004) for __rt_lib_shutdown_stdio_1
    libshutdown.o(.ARM.Collect$$libshutdown$$00000000) refers (Special) to libshutdown2.o(.ARM.Collect$$libshutdown$$0000000C) for __rt_lib_shutdown_user_alloc_1
    sys_command.o(.text) refers (Special) to use_no_semi.o(.text) for __I$use$semihosting
    sys_command.o(.text) refers (Special) to indicate_semi.o(.text) for __semihosting_library_function
    sys_command_hlt.o(.text) refers (Special) to use_no_semi.o(.text) for __I$use$semihosting
    sys_command_hlt.o(.text) refers (Special) to indicate_semi.o(.text) for __semihosting_library_function
    defsig_abrt_inner.o(.text) refers to defsig_general.o(.text) for __default_signal_display
    defsig_rtred_inner.o(.text) refers to defsig_general.o(.text) for __default_signal_display
    defsig_rtmem_inner.o(.text) refers to defsig_general.o(.text) for __default_signal_display
    defsig_rtmem_outer.o(.text) refers to defsig_rtmem_inner.o(.text) for __rt_SIGRTMEM_inner
    defsig_rtmem_outer.o(.text) refers to defsig_exit.o(.text) for __sig_exit
    defsig_rtmem_formal.o(.text) refers to rt_raise.o(.text) for __rt_raise
    defsig_stak_inner.o(.text) refers to defsig_general.o(.text) for __default_signal_display
    defsig_pvfn_inner.o(.text) refers to defsig_general.o(.text) for __default_signal_display
    defsig_cppl_inner.o(.text) refers to defsig_general.o(.text) for __default_signal_display
    defsig_segv_inner.o(.text) refers to defsig_general.o(.text) for __default_signal_display
    defsig_other.o(.text) refers to defsig_general.o(.text) for __default_signal_display


==============================================================================

Removing Unused input sections from the image.

    Removing projectsa.o(.text), (0 bytes).
    Removing projectsa.o(.text.get_number_from_keypad), (164 bytes).
    Removing projectsa.o(.ARM.exidx.text.get_number_from_keypad), (8 bytes).
    Removing projectsa.o(.ARM.exidx.text.Delay), (8 bytes).
    Removing projectsa.o(.text.keypad_getkey), (260 bytes).
    Removing projectsa.o(.ARM.exidx.text.keypad_getkey), (8 bytes).
    Removing projectsa.o(.ARM.exidx.text.LCD_data), (8 bytes).
    Removing projectsa.o(.text.read_to_buffer), (280 bytes).
    Removing projectsa.o(.ARM.exidx.text.read_to_buffer), (8 bytes).
    Removing projectsa.o(.text.clear_lcd), (86 bytes).
    Removing projectsa.o(.ARM.exidx.text.clear_lcd), (8 bytes).
    Removing projectsa.o(.ARM.exidx.text.print_fnc), (8 bytes).
    Removing projectsa.o(.text.print_to_arr), (304 bytes).
    Removing projectsa.o(.ARM.exidx.text.print_to_arr), (8 bytes).
    Removing projectsa.o(.text.blink), (100 bytes).
    Removing projectsa.o(.ARM.exidx.text.blink), (8 bytes).
    Removing projectsa.o(.ARM.exidx.text.LCD_command), (8 bytes).
    Removing projectsa.o(.ARM.exidx.text.LCD_init), (8 bytes).
    Removing projectsa.o(.ARM.exidx.text.LCD_ready), (8 bytes).
    Removing projectsa.o(.text.keypad_init), (96 bytes).
    Removing projectsa.o(.ARM.exidx.text.keypad_init), (8 bytes).
    Removing projectsa.o(.ARM.exidx.text.main), (8 bytes).
    Removing projectsa.o(.ARM.exidx.text.__NVIC_EnableIRQ), (8 bytes).
    Removing projectsa.o(.ARM.exidx.text.DAC0_init), (8 bytes).
    Removing projectsa.o(.ARM.exidx.text.ADC0_init), (8 bytes).
    Removing projectsa.o(.ARM.exidx.text.SysTick_Handler), (8 bytes).
    Removing projectsa.o(.ARM.exidx.text.PORTA_IRQHandler), (8 bytes).
    Removing projectsa.o(.rodata.cst16), (32 bytes).
    Removing projectsa.o(.rodata.cst4), (4 bytes).
    Removing projectsa.o(.ARM.use_no_argv), (4 bytes).
    Removing system_mkl25z4.o(.text), (0 bytes).
    Removing system_mkl25z4.o(.ARM.exidx.text.SystemInit), (8 bytes).
    Removing system_mkl25z4.o(.text.SystemCoreClockUpdate), (556 bytes).
    Removing system_mkl25z4.o(.ARM.exidx.text.SystemCoreClockUpdate), (8 bytes).
    Removing system_mkl25z4.o(.data.SystemCoreClock), (4 bytes).

35 unused section(s) (total 2058 bytes) removed from the image.

==============================================================================

Image Symbol Table

    Local Symbols

    Symbol Name                              Value     Ov Type        Size  Object(Section)

    ../clib/angel/boardlib.s                 0x00000000   Number         0  boardinit1.o ABSOLUTE
    ../clib/angel/boardlib.s                 0x00000000   Number         0  boardinit2.o ABSOLUTE
    ../clib/angel/boardlib.s                 0x00000000   Number         0  boardinit3.o ABSOLUTE
    ../clib/angel/boardlib.s                 0x00000000   Number         0  boardshut.o ABSOLUTE
    ../clib/angel/handlers.s                 0x00000000   Number         0  __scatter_copy.o ABSOLUTE
    ../clib/angel/handlers.s                 0x00000000   Number         0  __scatter_zi.o ABSOLUTE
    ../clib/angel/kernel.s                   0x00000000   Number         0  __rtentry.o ABSOLUTE
    ../clib/angel/kernel.s                   0x00000000   Number         0  __rtentry2.o ABSOLUTE
    ../clib/angel/kernel.s                   0x00000000   Number         0  __rtentry4.o ABSOLUTE
    ../clib/angel/kernel.s                   0x00000000   Number         0  rtexit.o ABSOLUTE
    ../clib/angel/kernel.s                   0x00000000   Number         0  rtexit2.o ABSOLUTE
    ../clib/angel/rt.s                       0x00000000   Number         0  aeabi_idiv0.o ABSOLUTE
    ../clib/angel/rt.s                       0x00000000   Number         0  aeabi_idiv0_sigfpe.o ABSOLUTE
    ../clib/angel/rt.s                       0x00000000   Number         0  rt_div0.o ABSOLUTE
    ../clib/angel/rt.s                       0x00000000   Number         0  rt_raise.o ABSOLUTE
    ../clib/angel/scatterp.s                 0x00000000   Number         0  __scatter.o ABSOLUTE
    ../clib/angel/startup.s                  0x00000000   Number         0  __main.o ABSOLUTE
    ../clib/angel/sys.s                      0x00000000   Number         0  sys_stackheap_outer.o ABSOLUTE
    ../clib/angel/sys.s                      0x00000000   Number         0  libspace.o ABSOLUTE
    ../clib/angel/sys.s                      0x00000000   Number         0  tempstk.o ABSOLUTE
    ../clib/angel/sys.s                      0x00000000   Number         0  use_no_semi.o ABSOLUTE
    ../clib/angel/sys.s                      0x00000000   Number         0  indicate_semi.o ABSOLUTE
    ../clib/angel/sysapp.c                   0x00000000   Number         0  sys_exit.o ABSOLUTE
    ../clib/angel/sysapp.c                   0x00000000   Number         0  sys_exit_hlt.o ABSOLUTE
    ../clib/angel/sysapp.c                   0x00000000   Number         0  sys_wrch.o ABSOLUTE
    ../clib/angel/sysapp.c                   0x00000000   Number         0  sys_wrch_hlt.o ABSOLUTE
    ../clib/angel/sysapp.c                   0x00000000   Number         0  sys_command.o ABSOLUTE
    ../clib/angel/sysapp.c                   0x00000000   Number         0  sys_command_hlt.o ABSOLUTE
    ../clib/armsys.c                         0x00000000   Number         0  argv_veneer.o ABSOLUTE
    ../clib/armsys.c                         0x00000000   Number         0  _get_argv_nomalloc.o ABSOLUTE
    ../clib/armsys.c                         0x00000000   Number         0  no_argv.o ABSOLUTE
    ../clib/division.s                       0x00000000   Number         0  aeabi_sdiv.o ABSOLUTE
    ../clib/division.s                       0x00000000   Number         0  aeabi_sdiv_div0.o ABSOLUTE
    ../clib/heapalloc.c                      0x00000000   Number         0  hrguard.o ABSOLUTE
    ../clib/heapaux.c                        0x00000000   Number         0  heapauxi.o ABSOLUTE
    ../clib/libinit.s                        0x00000000   Number         0  libinit.o ABSOLUTE
    ../clib/libinit.s                        0x00000000   Number         0  libinit2.o ABSOLUTE
    ../clib/libinit.s                        0x00000000   Number         0  libshutdown.o ABSOLUTE
    ../clib/libinit.s                        0x00000000   Number         0  libshutdown2.o ABSOLUTE
    ../clib/signal.c                         0x00000000   Number         0  defsig_fpe_outer.o ABSOLUTE
    ../clib/signal.c                         0x00000000   Number         0  defsig_fpe_formal.o ABSOLUTE
    ../clib/signal.c                         0x00000000   Number         0  defsig_exit.o ABSOLUTE
    ../clib/signal.c                         0x00000000   Number         0  defsig_fpe_inner.o ABSOLUTE
    ../clib/signal.c                         0x00000000   Number         0  __raise.o ABSOLUTE
    ../clib/signal.c                         0x00000000   Number         0  defsig_general.o ABSOLUTE
    ../clib/signal.c                         0x00000000   Number         0  defsig_abrt_inner.o ABSOLUTE
    ../clib/signal.c                         0x00000000   Number         0  defsig_rtred_inner.o ABSOLUTE
    ../clib/signal.c                         0x00000000   Number         0  defsig_rtmem_inner.o ABSOLUTE
    ../clib/signal.c                         0x00000000   Number         0  defsig_rtmem_outer.o ABSOLUTE
    ../clib/signal.c                         0x00000000   Number         0  defsig_rtmem_formal.o ABSOLUTE
    ../clib/signal.c                         0x00000000   Number         0  defsig_stak_inner.o ABSOLUTE
    ../clib/signal.c                         0x00000000   Number         0  defsig_pvfn_inner.o ABSOLUTE
    ../clib/signal.c                         0x00000000   Number         0  defsig_cppl_inner.o ABSOLUTE
    ../clib/signal.c                         0x00000000   Number         0  defsig_segv_inner.o ABSOLUTE
    ../clib/signal.c                         0x00000000   Number         0  defsig_other.o ABSOLUTE
    ../clib/signal.s                         0x00000000   Number         0  defsig.o ABSOLUTE
    ../clib/stdlib.c                         0x00000000   Number         0  exit.o ABSOLUTE
    ../fplib/cfplib/d2f.c                    0x00000000   Number         0  d2f.o ABSOLUTE
    ../fplib/cfplib/ddiv.c                   0x00000000   Number         0  ddiv.o ABSOLUTE
    ../fplib/cfplib/dmul.c                   0x00000000   Number         0  dmul.o ABSOLUTE
    ../fplib/cfplib/ffix.c                   0x00000000   Number         0  dfixui.o ABSOLUTE
    ../fplib/cfplib/ffix.c                   0x00000000   Number         0  ffixi.o ABSOLUTE
    ../fplib/cfplib/fflt.c                   0x00000000   Number         0  dflti.o ABSOLUTE
    ../fplib/cfplib/fflt.c                   0x00000000   Number         0  fflti.o ABSOLUTE
    ../fplib/cfplib/fpinit.c                 0x00000000   Number         0  fpinit.o ABSOLUTE
    ../fplib/faddsub6m.s                     0x00000000   Number         0  faddsub.o ABSOLUTE
    ../fplib/fmul6m.s                        0x00000000   Number         0  fmul.o ABSOLUTE
    ../fplib/usenofp.s                       0x00000000   Number         0  usenofp.o ABSOLUTE
    RTE/Device/MKL25Z128xxx4/startup_MKL25Z4.s 0x00000000   Number         0  startup_mkl25z4.o ABSOLUTE
    dc.s                                     0x00000000   Number         0  dc.o ABSOLUTE
    projectsa.c                              0x00000000   Number         0  projectsa.o ABSOLUTE
    system_MKL25Z4.c                         0x00000000   Number         0  system_mkl25z4.o ABSOLUTE
    RESET                                    0x00000000   Section      192  startup_mkl25z4.o(RESET)
    !!!main                                  0x000000c0   Section        8  __main.o(!!!main)
    !!!scatter                               0x000000c8   Section       60  __scatter.o(!!!scatter)
    !!handler_copy                           0x00000104   Section       26  __scatter_copy.o(!!handler_copy)
    !!handler_zi                             0x00000120   Section       28  __scatter_zi.o(!!handler_zi)
    .ARM.Collect$$libinit$$00000000          0x0000013c   Section        2  libinit.o(.ARM.Collect$$libinit$$00000000)
    .ARM.Collect$$libinit$$00000002          0x0000013e   Section        0  libinit2.o(.ARM.Collect$$libinit$$00000002)
    .ARM.Collect$$libinit$$00000004          0x0000013e   Section        0  libinit2.o(.ARM.Collect$$libinit$$00000004)
    .ARM.Collect$$libinit$$00000006          0x0000013e   Section        0  libinit2.o(.ARM.Collect$$libinit$$00000006)
    .ARM.Collect$$libinit$$0000000C          0x0000013e   Section        0  libinit2.o(.ARM.Collect$$libinit$$0000000C)
    .ARM.Collect$$libinit$$0000000E          0x0000013e   Section        0  libinit2.o(.ARM.Collect$$libinit$$0000000E)
    .ARM.Collect$$libinit$$00000010          0x0000013e   Section        0  libinit2.o(.ARM.Collect$$libinit$$00000010)
    .ARM.Collect$$libinit$$00000013          0x0000013e   Section        0  libinit2.o(.ARM.Collect$$libinit$$00000013)
    .ARM.Collect$$libinit$$00000015          0x0000013e   Section        0  libinit2.o(.ARM.Collect$$libinit$$00000015)
    .ARM.Collect$$libinit$$00000017          0x0000013e   Section        0  libinit2.o(.ARM.Collect$$libinit$$00000017)
    .ARM.Collect$$libinit$$00000019          0x0000013e   Section        0  libinit2.o(.ARM.Collect$$libinit$$00000019)
    .ARM.Collect$$libinit$$0000001B          0x0000013e   Section        0  libinit2.o(.ARM.Collect$$libinit$$0000001B)
    .ARM.Collect$$libinit$$0000001D          0x0000013e   Section        0  libinit2.o(.ARM.Collect$$libinit$$0000001D)
    .ARM.Collect$$libinit$$0000001F          0x0000013e   Section        0  libinit2.o(.ARM.Collect$$libinit$$0000001F)
    .ARM.Collect$$libinit$$00000021          0x0000013e   Section        0  libinit2.o(.ARM.Collect$$libinit$$00000021)
    .ARM.Collect$$libinit$$00000023          0x0000013e   Section        0  libinit2.o(.ARM.Collect$$libinit$$00000023)
    .ARM.Collect$$libinit$$00000025          0x0000013e   Section        0  libinit2.o(.ARM.Collect$$libinit$$00000025)
    .ARM.Collect$$libinit$$00000027          0x0000013e   Section        0  libinit2.o(.ARM.Collect$$libinit$$00000027)
    .ARM.Collect$$libinit$$0000002E          0x0000013e   Section        0  libinit2.o(.ARM.Collect$$libinit$$0000002E)
    .ARM.Collect$$libinit$$00000030          0x0000013e   Section        0  libinit2.o(.ARM.Collect$$libinit$$00000030)
    .ARM.Collect$$libinit$$00000032          0x0000013e   Section        0  libinit2.o(.ARM.Collect$$libinit$$00000032)
    .ARM.Collect$$libinit$$00000034          0x0000013e   Section        0  libinit2.o(.ARM.Collect$$libinit$$00000034)
    .ARM.Collect$$libinit$$00000035          0x0000013e   Section        2  libinit2.o(.ARM.Collect$$libinit$$00000035)
    .ARM.Collect$$libshutdown$$00000000      0x00000140   Section        2  libshutdown.o(.ARM.Collect$$libshutdown$$00000000)
    .ARM.Collect$$libshutdown$$00000002      0x00000142   Section        0  libshutdown2.o(.ARM.Collect$$libshutdown$$00000002)
    .ARM.Collect$$libshutdown$$00000004      0x00000142   Section        0  libshutdown2.o(.ARM.Collect$$libshutdown$$00000004)
    .ARM.Collect$$libshutdown$$00000007      0x00000142   Section        0  libshutdown2.o(.ARM.Collect$$libshutdown$$00000007)
    .ARM.Collect$$libshutdown$$0000000A      0x00000142   Section        0  libshutdown2.o(.ARM.Collect$$libshutdown$$0000000A)
    .ARM.Collect$$libshutdown$$0000000C      0x00000142   Section        0  libshutdown2.o(.ARM.Collect$$libshutdown$$0000000C)
    .ARM.Collect$$libshutdown$$0000000F      0x00000142   Section        0  libshutdown2.o(.ARM.Collect$$libshutdown$$0000000F)
    .ARM.Collect$$libshutdown$$00000010      0x00000142   Section        2  libshutdown2.o(.ARM.Collect$$libshutdown$$00000010)
    .ARM.Collect$$rtentry$$00000000          0x00000144   Section        0  __rtentry.o(.ARM.Collect$$rtentry$$00000000)
    .ARM.Collect$$rtentry$$00000002          0x00000144   Section        0  __rtentry2.o(.ARM.Collect$$rtentry$$00000002)
    .ARM.Collect$$rtentry$$00000004          0x00000144   Section        6  __rtentry4.o(.ARM.Collect$$rtentry$$00000004)
    .ARM.Collect$$rtentry$$00000009          0x0000014a   Section        0  __rtentry2.o(.ARM.Collect$$rtentry$$00000009)
    .ARM.Collect$$rtentry$$0000000A          0x0000014a   Section        4  __rtentry2.o(.ARM.Collect$$rtentry$$0000000A)
    .ARM.Collect$$rtentry$$0000000C          0x0000014e   Section        0  __rtentry2.o(.ARM.Collect$$rtentry$$0000000C)
    .ARM.Collect$$rtentry$$0000000D          0x0000014e   Section        8  __rtentry2.o(.ARM.Collect$$rtentry$$0000000D)
    .ARM.Collect$$rtexit$$00000000           0x00000156   Section        2  rtexit.o(.ARM.Collect$$rtexit$$00000000)
    .ARM.Collect$$rtexit$$00000002           0x00000158   Section        0  rtexit2.o(.ARM.Collect$$rtexit$$00000002)
    .ARM.Collect$$rtexit$$00000003           0x00000158   Section        4  rtexit2.o(.ARM.Collect$$rtexit$$00000003)
    .ARM.Collect$$rtexit$$00000004           0x0000015c   Section        6  rtexit2.o(.ARM.Collect$$rtexit$$00000004)
    .text                                    0x00000164   Section       64  startup_mkl25z4.o(.text)
    .text                                    0x000001a4   Section      364  aeabi_sdiv.o(.text)
    .text                                    0x00000310   Section        0  heapauxi.o(.text)
    .text                                    0x00000318   Section        0  d2f.o(.text)
    .text                                    0x00000394   Section        0  dfixui.o(.text)
    .text                                    0x000003dc   Section        0  exit.o(.text)
    .text                                    0x000003ec   Section        8  libspace.o(.text)
    .text                                    0x000003f4   Section        0  sys_exit.o(.text)
    .ARM.__at_0x400                          0x00000400   Section       16  startup_mkl25z4.o(.ARM.__at_0x400)
    .text                                    0x00000410   Section        0  ddiv.o(.text)
    .text                                    0x00000858   Section        0  dflti.o(.text)
    .text                                    0x000008b0   Section        0  dmul.o(.text)
    .text                                    0x00000af8   Section        0  ffixi.o(.text)
    .text                                    0x00000b44   Section        0  fflti.o(.text)
    .text                                    0x00000ba2   Section       62  sys_stackheap_outer.o(.text)
    .text                                    0x00000be0   Section        2  use_no_semi.o(.text)
    .text                                    0x00000be2   Section        0  indicate_semi.o(.text)
    [Anonymous Symbol]                       0x00000be4   Section        0  projectsa.o(.text.ADC0_init)
    __arm_cp.16_1                            0x00000c14   Number         4  projectsa.o(.text.ADC0_init)
    __arm_cp.16_3                            0x00000c18   Number         4  projectsa.o(.text.ADC0_init)
    __arm_cp.16_4                            0x00000c1c   Number         4  projectsa.o(.text.ADC0_init)
    [Anonymous Symbol]                       0x00000c20   Section        0  projectsa.o(.text.DAC0_init)
    __arm_cp.15_0                            0x00000c3c   Number         4  projectsa.o(.text.DAC0_init)
    __arm_cp.15_1                            0x00000c40   Number         4  projectsa.o(.text.DAC0_init)
    __arm_cp.15_2                            0x00000c44   Number         4  projectsa.o(.text.DAC0_init)
    [Anonymous Symbol]                       0x00000c48   Section        0  projectsa.o(.text.Delay)
    [Anonymous Symbol]                       0x00000c60   Section        0  projectsa.o(.text.LCD_command)
    [Anonymous Symbol]                       0x00000c98   Section        0  projectsa.o(.text.LCD_data)
    __arm_cp.3_2                             0x00000cd4   Number         4  projectsa.o(.text.LCD_data)
    [Anonymous Symbol]                       0x00000cd8   Section        0  projectsa.o(.text.LCD_init)
    __arm_cp.10_0                            0x00000d48   Number         4  projectsa.o(.text.LCD_init)
    __arm_cp.10_1                            0x00000d4c   Number         4  projectsa.o(.text.LCD_init)
    __arm_cp.10_2                            0x00000d50   Number         4  projectsa.o(.text.LCD_init)
    __arm_cp.10_3                            0x00000d54   Number         4  projectsa.o(.text.LCD_init)
    __arm_cp.10_4                            0x00000d58   Number         4  projectsa.o(.text.LCD_init)
    __arm_cp.10_5                            0x00000d5c   Number         4  projectsa.o(.text.LCD_init)
    __arm_cp.10_6                            0x00000d60   Number         4  projectsa.o(.text.LCD_init)
    __arm_cp.10_7                            0x00000d64   Number         4  projectsa.o(.text.LCD_init)
    __arm_cp.10_8                            0x00000d68   Number         4  projectsa.o(.text.LCD_init)
    __arm_cp.10_10                           0x00000d6c   Number         4  projectsa.o(.text.LCD_init)
    __arm_cp.10_11                           0x00000d70   Number         4  projectsa.o(.text.LCD_init)
    __arm_cp.10_12                           0x00000d74   Number         4  projectsa.o(.text.LCD_init)
    __arm_cp.10_13                           0x00000d78   Number         4  projectsa.o(.text.LCD_init)
    [Anonymous Symbol]                       0x00000d7c   Section        0  projectsa.o(.text.LCD_ready)
    __arm_cp.11_0                            0x00000de4   Number         4  projectsa.o(.text.LCD_ready)
    __arm_cp.11_1                            0x00000de8   Number         4  projectsa.o(.text.LCD_ready)
    __arm_cp.11_2                            0x00000dec   Number         4  projectsa.o(.text.LCD_ready)
    __arm_cp.11_3                            0x00000df0   Number         4  projectsa.o(.text.LCD_ready)
    [Anonymous Symbol]                       0x00000df4   Section        0  projectsa.o(.text.PORTA_IRQHandler)
    __arm_cp.18_0                            0x00000e1c   Number         4  projectsa.o(.text.PORTA_IRQHandler)
    __arm_cp.18_2                            0x00000e20   Number         4  projectsa.o(.text.PORTA_IRQHandler)
    [Anonymous Symbol]                       0x00000e24   Section        0  projectsa.o(.text.SysTick_Handler)
    __arm_cp.17_2                            0x00000eec   Number         4  projectsa.o(.text.SysTick_Handler)
    __arm_cp.17_3                            0x00000ef0   Number         4  projectsa.o(.text.SysTick_Handler)
    __arm_cp.17_4                            0x00000ef4   Number         4  projectsa.o(.text.SysTick_Handler)
    __arm_cp.17_6                            0x00000ef8   Number         4  projectsa.o(.text.SysTick_Handler)
    __arm_cp.17_7                            0x00000efc   Number         4  projectsa.o(.text.SysTick_Handler)
    [Anonymous Symbol]                       0x00000f00   Section        0  system_mkl25z4.o(.text.SystemInit)
    __arm_cp.0_0                             0x00000f08   Number         4  system_mkl25z4.o(.text.SystemInit)
    __NVIC_EnableIRQ                         0x00000f0d   Thumb Code    40  projectsa.o(.text.__NVIC_EnableIRQ)
    [Anonymous Symbol]                       0x00000f0c   Section        0  projectsa.o(.text.__NVIC_EnableIRQ)
    __arm_cp.14_0                            0x00000f34   Number         4  projectsa.o(.text.__NVIC_EnableIRQ)
    [Anonymous Symbol]                       0x00000f38   Section        0  projectsa.o(.text.main)
    __arm_cp.13_0                            0x000010fc   Number         4  projectsa.o(.text.main)
    __arm_cp.13_1                            0x00001100   Number         4  projectsa.o(.text.main)
    __arm_cp.13_2                            0x00001104   Number         4  projectsa.o(.text.main)
    __arm_cp.13_3                            0x00001108   Number         4  projectsa.o(.text.main)
    __arm_cp.13_4                            0x0000110c   Number         4  projectsa.o(.text.main)
    __arm_cp.13_5                            0x00001110   Number         4  projectsa.o(.text.main)
    __arm_cp.13_6                            0x00001114   Number         4  projectsa.o(.text.main)
    __arm_cp.13_7                            0x00001118   Number         4  projectsa.o(.text.main)
    __arm_cp.13_8                            0x0000111c   Number         4  projectsa.o(.text.main)
    __arm_cp.13_9                            0x00001120   Number         4  projectsa.o(.text.main)
    __arm_cp.13_10                           0x00001124   Number         4  projectsa.o(.text.main)
    __arm_cp.13_11                           0x00001128   Number         4  projectsa.o(.text.main)
    __arm_cp.13_12                           0x0000112c   Number         4  projectsa.o(.text.main)
    __arm_cp.13_13                           0x00001130   Number         4  projectsa.o(.text.main)
    __arm_cp.13_14                           0x00001134   Number         4  projectsa.o(.text.main)
    __arm_cp.13_15                           0x00001138   Number         4  projectsa.o(.text.main)
    __arm_cp.13_16                           0x0000113c   Number         4  projectsa.o(.text.main)
    __arm_cp.13_17                           0x00001140   Number         4  projectsa.o(.text.main)
    __arm_cp.13_18                           0x00001144   Number         4  projectsa.o(.text.main)
    __arm_cp.13_19                           0x00001148   Number         4  projectsa.o(.text.main)
    [Anonymous Symbol]                       0x0000114c   Section        0  projectsa.o(.text.print_fnc)
    x$fpl$fmul                               0x0000117c   Section      176  fmul.o(x$fpl$fmul)
    ddiv_reciptbl                            0x0000122c   Data         128  ddiv.o(.constdata)
    .constdata                               0x0000122c   Section      128  ddiv.o(.constdata)
    x$fpl$usenofp                            0x0000122c   Section        0  usenofp.o(x$fpl$usenofp)
    main.sawtooth                            0x000012ac   Data         244  projectsa.o(.rodata.main.sawtooth)
    [Anonymous Symbol]                       0x000012ac   Section        0  projectsa.o(.rodata.main.sawtooth)
    main.sinewave                            0x000013a0   Data         268  projectsa.o(.rodata.main.sinewave)
    [Anonymous Symbol]                       0x000013a0   Section        0  projectsa.o(.rodata.main.sinewave)
    main.squarewave                          0x000014ac   Data         260  projectsa.o(.rodata.main.squarewave)
    [Anonymous Symbol]                       0x000014ac   Section        0  projectsa.o(.rodata.main.squarewave)
    [Anonymous Symbol]                       0x000015b0   Section        0  projectsa.o(.rodata.str1.1)
    n                                        0x1ffff000   Data           4  projectsa.o(.data.n)
    [Anonymous Symbol]                       0x1ffff000   Section        0  projectsa.o(.data.n)
    .bss                                     0x1ffff008   Section       96  libspace.o(.bss)
    Heap_Mem                                 0x1ffff070   Data           0  startup_mkl25z4.o(HEAP)
    Stack_Mem                                0x1ffff070   Data         256  startup_mkl25z4.o(STACK)
    HEAP                                     0x1ffff070   Section        0  startup_mkl25z4.o(HEAP)
    STACK                                    0x1ffff070   Section      256  startup_mkl25z4.o(STACK)
    __initial_sp                             0x1ffff170   Data           0  startup_mkl25z4.o(STACK)

    Global Symbols

    Symbol Name                              Value     Ov Type        Size  Object(Section)

    BuildAttributes$$THM_ISAv3M$S$PE$A:L22$X:L11$S22$IEEE1$IW$~IW$USESV6$~STKCKD$USESV7$~SHL$OSPACE$ROPI$EBA8$UX$STANDARDLIB$REQ8$PRES8$EABIv2 0x00000000   Number         0  anon$$obj.o ABSOLUTE
    __Vectors                                0x00000000   Data           4  startup_mkl25z4.o(RESET)
    __ARM_exceptions_init                     - Undefined Weak Reference
    __alloca_initialize                       - Undefined Weak Reference
    __arm_preinit_                            - Undefined Weak Reference
    __arm_relocate_pie_                       - Undefined Weak Reference
    __cpp_initialize__aeabi_                  - Undefined Weak Reference
    __cxa_finalize                            - Undefined Weak Reference
    __rt_locale                               - Undefined Weak Reference
    __sigvec_lookup                           - Undefined Weak Reference
    _atexit_init                              - Undefined Weak Reference
    _call_atexit_fns                          - Undefined Weak Reference
    _clock_init                               - Undefined Weak Reference
    _fp_trap_init                             - Undefined Weak Reference
    _fp_trap_shutdown                         - Undefined Weak Reference
    _get_lc_collate                           - Undefined Weak Reference
    _get_lc_ctype                             - Undefined Weak Reference
    _get_lc_monetary                          - Undefined Weak Reference
    _get_lc_numeric                           - Undefined Weak Reference
    _get_lc_time                              - Undefined Weak Reference
    _getenv_init                              - Undefined Weak Reference
    _handle_redirection                       - Undefined Weak Reference
    _init_alloc                               - Undefined Weak Reference
    _init_user_alloc                          - Undefined Weak Reference
    _initio                                   - Undefined Weak Reference
    _rand_init                                - Undefined Weak Reference
    _signal_finish                            - Undefined Weak Reference
    _signal_init                              - Undefined Weak Reference
    _terminate_alloc                          - Undefined Weak Reference
    _terminate_user_alloc                     - Undefined Weak Reference
    _terminateio                              - Undefined Weak Reference
    __Vectors_End                            0x000000c0   Data           0  startup_mkl25z4.o(RESET)
    __Vectors_Size                           0x000000c0   Number         0  startup_mkl25z4.o ABSOLUTE
    __main                                   0x000000c1   Thumb Code     8  __main.o(!!!main)
    __scatterload                            0x000000c9   Thumb Code     0  __scatter.o(!!!scatter)
    __scatterload_rt2                        0x000000c9   Thumb Code    52  __scatter.o(!!!scatter)
    __scatterload_rt2_thumb_only             0x000000c9   Thumb Code     0  __scatter.o(!!!scatter)
    __scatterload_null                       0x000000d9   Thumb Code     0  __scatter.o(!!!scatter)
    __scatterload_copy                       0x00000105   Thumb Code    26  __scatter_copy.o(!!handler_copy)
    __scatterload_zeroinit                   0x00000121   Thumb Code    28  __scatter_zi.o(!!handler_zi)
    __rt_lib_init                            0x0000013d   Thumb Code     0  libinit.o(.ARM.Collect$$libinit$$00000000)
    __rt_lib_init_alloca_1                   0x0000013f   Thumb Code     0  libinit2.o(.ARM.Collect$$libinit$$00000030)
    __rt_lib_init_argv_1                     0x0000013f   Thumb Code     0  libinit2.o(.ARM.Collect$$libinit$$0000002E)
    __rt_lib_init_atexit_1                   0x0000013f   Thumb Code     0  libinit2.o(.ARM.Collect$$libinit$$0000001D)
    __rt_lib_init_clock_1                    0x0000013f   Thumb Code     0  libinit2.o(.ARM.Collect$$libinit$$00000023)
    __rt_lib_init_cpp_1                      0x0000013f   Thumb Code     0  libinit2.o(.ARM.Collect$$libinit$$00000034)
    __rt_lib_init_exceptions_1               0x0000013f   Thumb Code     0  libinit2.o(.ARM.Collect$$libinit$$00000032)
    __rt_lib_init_fp_1                       0x0000013f   Thumb Code     0  libinit2.o(.ARM.Collect$$libinit$$00000002)
    __rt_lib_init_fp_trap_1                  0x0000013f   Thumb Code     0  libinit2.o(.ARM.Collect$$libinit$$00000021)
    __rt_lib_init_getenv_1                   0x0000013f   Thumb Code     0  libinit2.o(.ARM.Collect$$libinit$$00000025)
    __rt_lib_init_heap_1                     0x0000013f   Thumb Code     0  libinit2.o(.ARM.Collect$$libinit$$0000000C)
    __rt_lib_init_lc_collate_1               0x0000013f   Thumb Code     0  libinit2.o(.ARM.Collect$$libinit$$00000013)
    __rt_lib_init_lc_ctype_1                 0x0000013f   Thumb Code     0  libinit2.o(.ARM.Collect$$libinit$$00000015)
    __rt_lib_init_lc_monetary_1              0x0000013f   Thumb Code     0  libinit2.o(.ARM.Collect$$libinit$$00000017)
    __rt_lib_init_lc_numeric_1               0x0000013f   Thumb Code     0  libinit2.o(.ARM.Collect$$libinit$$00000019)
    __rt_lib_init_lc_time_1                  0x0000013f   Thumb Code     0  libinit2.o(.ARM.Collect$$libinit$$0000001B)
    __rt_lib_init_preinit_1                  0x0000013f   Thumb Code     0  libinit2.o(.ARM.Collect$$libinit$$00000006)
    __rt_lib_init_rand_1                     0x0000013f   Thumb Code     0  libinit2.o(.ARM.Collect$$libinit$$00000010)
    __rt_lib_init_relocate_pie_1             0x0000013f   Thumb Code     0  libinit2.o(.ARM.Collect$$libinit$$00000004)
    __rt_lib_init_return                     0x0000013f   Thumb Code     0  libinit2.o(.ARM.Collect$$libinit$$00000035)
    __rt_lib_init_signal_1                   0x0000013f   Thumb Code     0  libinit2.o(.ARM.Collect$$libinit$$0000001F)
    __rt_lib_init_stdio_1                    0x0000013f   Thumb Code     0  libinit2.o(.ARM.Collect$$libinit$$00000027)
    __rt_lib_init_user_alloc_1               0x0000013f   Thumb Code     0  libinit2.o(.ARM.Collect$$libinit$$0000000E)
    __rt_lib_shutdown                        0x00000141   Thumb Code     0  libshutdown.o(.ARM.Collect$$libshutdown$$00000000)
    __rt_lib_shutdown_cpp_1                  0x00000143   Thumb Code     0  libshutdown2.o(.ARM.Collect$$libshutdown$$00000002)
    __rt_lib_shutdown_fp_trap_1              0x00000143   Thumb Code     0  libshutdown2.o(.ARM.Collect$$libshutdown$$00000007)
    __rt_lib_shutdown_heap_1                 0x00000143   Thumb Code     0  libshutdown2.o(.ARM.Collect$$libshutdown$$0000000F)
    __rt_lib_shutdown_return                 0x00000143   Thumb Code     0  libshutdown2.o(.ARM.Collect$$libshutdown$$00000010)
    __rt_lib_shutdown_signal_1               0x00000143   Thumb Code     0  libshutdown2.o(.ARM.Collect$$libshutdown$$0000000A)
    __rt_lib_shutdown_stdio_1                0x00000143   Thumb Code     0  libshutdown2.o(.ARM.Collect$$libshutdown$$00000004)
    __rt_lib_shutdown_user_alloc_1           0x00000143   Thumb Code     0  libshutdown2.o(.ARM.Collect$$libshutdown$$0000000C)
    __rt_entry                               0x00000145   Thumb Code     0  __rtentry.o(.ARM.Collect$$rtentry$$00000000)
    __rt_entry_presh_1                       0x00000145   Thumb Code     0  __rtentry2.o(.ARM.Collect$$rtentry$$00000002)
    __rt_entry_sh                            0x00000145   Thumb Code     0  __rtentry4.o(.ARM.Collect$$rtentry$$00000004)
    __rt_entry_li                            0x0000014b   Thumb Code     0  __rtentry2.o(.ARM.Collect$$rtentry$$0000000A)
    __rt_entry_postsh_1                      0x0000014b   Thumb Code     0  __rtentry2.o(.ARM.Collect$$rtentry$$00000009)
    __rt_entry_main                          0x0000014f   Thumb Code     0  __rtentry2.o(.ARM.Collect$$rtentry$$0000000D)
    __rt_entry_postli_1                      0x0000014f   Thumb Code     0  __rtentry2.o(.ARM.Collect$$rtentry$$0000000C)
    __rt_exit                                0x00000157   Thumb Code     0  rtexit.o(.ARM.Collect$$rtexit$$00000000)
    __rt_exit_ls                             0x00000159   Thumb Code     0  rtexit2.o(.ARM.Collect$$rtexit$$00000003)
    __rt_exit_prels_1                        0x00000159   Thumb Code     0  rtexit2.o(.ARM.Collect$$rtexit$$00000002)
    __rt_exit_exit                           0x0000015d   Thumb Code     0  rtexit2.o(.ARM.Collect$$rtexit$$00000004)
    Reset_Handler                            0x00000165   Thumb Code    12  startup_mkl25z4.o(.text)
    NMI_Handler                              0x00000171   Thumb Code     2  startup_mkl25z4.o(.text)
    HardFault_Handler                        0x00000173   Thumb Code     2  startup_mkl25z4.o(.text)
    SVC_Handler                              0x00000175   Thumb Code     2  startup_mkl25z4.o(.text)
    PendSV_Handler                           0x00000177   Thumb Code     2  startup_mkl25z4.o(.text)
    ADC0_IRQHandler                          0x0000017b   Thumb Code     0  startup_mkl25z4.o(.text)
    CMP0_IRQHandler                          0x0000017b   Thumb Code     0  startup_mkl25z4.o(.text)
    DAC0_IRQHandler                          0x0000017b   Thumb Code     0  startup_mkl25z4.o(.text)
    DMA0_IRQHandler                          0x0000017b   Thumb Code     0  startup_mkl25z4.o(.text)
    DMA1_IRQHandler                          0x0000017b   Thumb Code     0  startup_mkl25z4.o(.text)
    DMA2_IRQHandler                          0x0000017b   Thumb Code     0  startup_mkl25z4.o(.text)
    DMA3_IRQHandler                          0x0000017b   Thumb Code     0  startup_mkl25z4.o(.text)
    DefaultISR                               0x0000017b   Thumb Code     0  startup_mkl25z4.o(.text)
    FTFA_IRQHandler                          0x0000017b   Thumb Code     0  startup_mkl25z4.o(.text)
    I2C0_IRQHandler                          0x0000017b   Thumb Code     0  startup_mkl25z4.o(.text)
    I2C1_IRQHandler                          0x0000017b   Thumb Code     0  startup_mkl25z4.o(.text)
    LLWU_IRQHandler                          0x0000017b   Thumb Code     0  startup_mkl25z4.o(.text)
    LPTMR0_IRQHandler                        0x0000017b   Thumb Code     0  startup_mkl25z4.o(.text)
    LVD_LVW_IRQHandler                       0x0000017b   Thumb Code     0  startup_mkl25z4.o(.text)
    MCG_IRQHandler                           0x0000017b   Thumb Code     0  startup_mkl25z4.o(.text)
    PIT_IRQHandler                           0x0000017b   Thumb Code     0  startup_mkl25z4.o(.text)
    PORTD_IRQHandler                         0x0000017b   Thumb Code     0  startup_mkl25z4.o(.text)
    RTC_IRQHandler                           0x0000017b   Thumb Code     0  startup_mkl25z4.o(.text)
    RTC_Seconds_IRQHandler                   0x0000017b   Thumb Code     0  startup_mkl25z4.o(.text)
    Reserved20_IRQHandler                    0x0000017b   Thumb Code     0  startup_mkl25z4.o(.text)
    Reserved39_IRQHandler                    0x0000017b   Thumb Code     0  startup_mkl25z4.o(.text)
    Reserved45_IRQHandler                    0x0000017b   Thumb Code     0  startup_mkl25z4.o(.text)
    SPI0_IRQHandler                          0x0000017b   Thumb Code     0  startup_mkl25z4.o(.text)
    SPI1_IRQHandler                          0x0000017b   Thumb Code     0  startup_mkl25z4.o(.text)
    TPM0_IRQHandler                          0x0000017b   Thumb Code     0  startup_mkl25z4.o(.text)
    TPM1_IRQHandler                          0x0000017b   Thumb Code     0  startup_mkl25z4.o(.text)
    TPM2_IRQHandler                          0x0000017b   Thumb Code     0  startup_mkl25z4.o(.text)
    TSI0_IRQHandler                          0x0000017b   Thumb Code     0  startup_mkl25z4.o(.text)
    UART0_IRQHandler                         0x0000017b   Thumb Code     0  startup_mkl25z4.o(.text)
    UART1_IRQHandler                         0x0000017b   Thumb Code     0  startup_mkl25z4.o(.text)
    UART2_IRQHandler                         0x0000017b   Thumb Code     0  startup_mkl25z4.o(.text)
    USB0_IRQHandler                          0x0000017b   Thumb Code     0  startup_mkl25z4.o(.text)
    __user_initial_stackheap                 0x00000181   Thumb Code     0  startup_mkl25z4.o(.text)
    __aeabi_uidiv                            0x000001a5   Thumb Code     0  aeabi_sdiv.o(.text)
    __aeabi_uidivmod                         0x000001a5   Thumb Code    20  aeabi_sdiv.o(.text)
    __aeabi_idiv                             0x000001b9   Thumb Code     0  aeabi_sdiv.o(.text)
    __aeabi_idivmod                          0x000001b9   Thumb Code   338  aeabi_sdiv.o(.text)
    __use_two_region_memory                  0x00000311   Thumb Code     2  heapauxi.o(.text)
    __rt_heap_escrow$2region                 0x00000313   Thumb Code     2  heapauxi.o(.text)
    __rt_heap_expand$2region                 0x00000315   Thumb Code     2  heapauxi.o(.text)
    __aeabi_d2f                              0x00000319   Thumb Code     0  d2f.o(.text)
    _d2f                                     0x00000319   Thumb Code   120  d2f.o(.text)
    __aeabi_d2uiz                            0x00000395   Thumb Code     0  dfixui.o(.text)
    _dfixu                                   0x00000395   Thumb Code    68  dfixui.o(.text)
    exit                                     0x000003dd   Thumb Code    16  exit.o(.text)
    __user_libspace                          0x000003ed   Thumb Code     8  libspace.o(.text)
    __user_perproc_libspace                  0x000003ed   Thumb Code     0  libspace.o(.text)
    __user_perthread_libspace                0x000003ed   Thumb Code     0  libspace.o(.text)
    _sys_exit                                0x000003f5   Thumb Code     8  sys_exit.o(.text)
    __aeabi_ddiv                             0x00000411   Thumb Code     0  ddiv.o(.text)
    _ddiv                                    0x00000411   Thumb Code  1072  ddiv.o(.text)
    _drdiv                                   0x00000841   Thumb Code    20  ddiv.o(.text)
    __aeabi_i2d_normalise                    0x00000859   Thumb Code    66  dflti.o(.text)
    __aeabi_i2d                              0x0000089b   Thumb Code    16  dflti.o(.text)
    _dflt                                    0x0000089b   Thumb Code     0  dflti.o(.text)
    __aeabi_ui2d                             0x000008ab   Thumb Code     6  dflti.o(.text)
    _dfltu                                   0x000008ab   Thumb Code     0  dflti.o(.text)
    __aeabi_dmul                             0x000008b1   Thumb Code     0  dmul.o(.text)
    _dmul                                    0x000008b1   Thumb Code   558  dmul.o(.text)
    __aeabi_f2iz                             0x00000af9   Thumb Code     0  ffixi.o(.text)
    _ffix                                    0x00000af9   Thumb Code    76  ffixi.o(.text)
    __aeabi_i2f_normalise                    0x00000b45   Thumb Code    72  fflti.o(.text)
    __aeabi_i2f                              0x00000b8d   Thumb Code    16  fflti.o(.text)
    _fflt                                    0x00000b8d   Thumb Code     0  fflti.o(.text)
    __aeabi_ui2f                             0x00000b9d   Thumb Code     6  fflti.o(.text)
    _ffltu                                   0x00000b9d   Thumb Code     0  fflti.o(.text)
    __user_setup_stackheap                   0x00000ba3   Thumb Code    62  sys_stackheap_outer.o(.text)
    __I$use$semihosting                      0x00000be1   Thumb Code     0  use_no_semi.o(.text)
    __use_no_semihosting_swi                 0x00000be1   Thumb Code     2  use_no_semi.o(.text)
    __semihosting_library_function           0x00000be3   Thumb Code     0  indicate_semi.o(.text)
    ADC0_init                                0x00000be5   Thumb Code    48  projectsa.o(.text.ADC0_init)
    DAC0_init                                0x00000c21   Thumb Code    28  projectsa.o(.text.DAC0_init)
    Delay                                    0x00000c49   Thumb Code    24  projectsa.o(.text.Delay)
    LCD_command                              0x00000c61   Thumb Code    56  projectsa.o(.text.LCD_command)
    LCD_data                                 0x00000c99   Thumb Code    60  projectsa.o(.text.LCD_data)
    LCD_init                                 0x00000cd9   Thumb Code   112  projectsa.o(.text.LCD_init)
    LCD_ready                                0x00000d7d   Thumb Code   104  projectsa.o(.text.LCD_ready)
    PORTA_IRQHandler                         0x00000df5   Thumb Code    40  projectsa.o(.text.PORTA_IRQHandler)
    SysTick_Handler                          0x00000e25   Thumb Code   200  projectsa.o(.text.SysTick_Handler)
    SystemInit                               0x00000f01   Thumb Code     8  system_mkl25z4.o(.text.SystemInit)
    main                                     0x00000f39   Thumb Code   452  projectsa.o(.text.main)
    print_fnc                                0x0000114d   Thumb Code    46  projectsa.o(.text.print_fnc)
    __aeabi_fmul                             0x0000117d   Thumb Code     0  fmul.o(x$fpl$fmul)
    _fmul                                    0x0000117d   Thumb Code   172  fmul.o(x$fpl$fmul)
    __I$use$fp                               0x0000122c   Number         0  usenofp.o(x$fpl$usenofp)
    Region$$Table$$Base                      0x000015c8   Number         0  anon$$obj.o(Region$$Table)
    Region$$Table$$Limit                     0x000015e8   Number         0  anon$$obj.o(Region$$Table)
    __libspace_start                         0x1ffff008   Data          96  libspace.o(.bss)
    __temporary_stack_top$libspace           0x1ffff068   Data           0  libspace.o(.bss)
    k                                        0x1ffff068   Data           4  projectsa.o(.bss.k)



==============================================================================

Memory Map of the image

  Image Entry point : 0x00000165

  Load Region LR_1 (Base: 0x00000000, Size: 0x000015ec, Max: 0xffffffff, ABSOLUTE)

    Execution Region ER_RO (Exec base: 0x00000000, Load base: 0x00000000, Size: 0x000015e8, Max: 0xffffffff, ABSOLUTE)

    Exec Addr    Load Addr    Size         Type   Attr      Idx    E Section Name        Object

    0x00000000   0x00000000   0x000000c0   Data   RO           57    RESET               startup_mkl25z4.o
    0x000000c0   0x000000c0   0x00000008   Code   RO           87  * !!!main             c_p.l(__main.o)
    0x000000c8   0x000000c8   0x0000003c   Code   RO          288    !!!scatter          c_p.l(__scatter.o)
    0x00000104   0x00000104   0x0000001a   Code   RO          290    !!handler_copy      c_p.l(__scatter_copy.o)
    0x0000011e   0x0000011e   0x00000002   PAD
    0x00000120   0x00000120   0x0000001c   Code   RO          292    !!handler_zi        c_p.l(__scatter_zi.o)
    0x0000013c   0x0000013c   0x00000002   Code   RO          149    .ARM.Collect$$libinit$$00000000  c_p.l(libinit.o)
    0x0000013e   0x0000013e   0x00000000   Code   RO          163    .ARM.Collect$$libinit$$00000002  c_p.l(libinit2.o)
    0x0000013e   0x0000013e   0x00000000   Code   RO          165    .ARM.Collect$$libinit$$00000004  c_p.l(libinit2.o)
    0x0000013e   0x0000013e   0x00000000   Code   RO          167    .ARM.Collect$$libinit$$00000006  c_p.l(libinit2.o)
    0x0000013e   0x0000013e   0x00000000   Code   RO          170    .ARM.Collect$$libinit$$0000000C  c_p.l(libinit2.o)
    0x0000013e   0x0000013e   0x00000000   Code   RO          172    .ARM.Collect$$libinit$$0000000E  c_p.l(libinit2.o)
    0x0000013e   0x0000013e   0x00000000   Code   RO          174    .ARM.Collect$$libinit$$00000010  c_p.l(libinit2.o)
    0x0000013e   0x0000013e   0x00000000   Code   RO          177    .ARM.Collect$$libinit$$00000013  c_p.l(libinit2.o)
    0x0000013e   0x0000013e   0x00000000   Code   RO          179    .ARM.Collect$$libinit$$00000015  c_p.l(libinit2.o)
    0x0000013e   0x0000013e   0x00000000   Code   RO          181    .ARM.Collect$$libinit$$00000017  c_p.l(libinit2.o)
    0x0000013e   0x0000013e   0x00000000   Code   RO          183    .ARM.Collect$$libinit$$00000019  c_p.l(libinit2.o)
    0x0000013e   0x0000013e   0x00000000   Code   RO          185    .ARM.Collect$$libinit$$0000001B  c_p.l(libinit2.o)
    0x0000013e   0x0000013e   0x00000000   Code   RO          187    .ARM.Collect$$libinit$$0000001D  c_p.l(libinit2.o)
    0x0000013e   0x0000013e   0x00000000   Code   RO          189    .ARM.Collect$$libinit$$0000001F  c_p.l(libinit2.o)
    0x0000013e   0x0000013e   0x00000000   Code   RO          191    .ARM.Collect$$libinit$$00000021  c_p.l(libinit2.o)
    0x0000013e   0x0000013e   0x00000000   Code   RO          193    .ARM.Collect$$libinit$$00000023  c_p.l(libinit2.o)
    0x0000013e   0x0000013e   0x00000000   Code   RO          195    .ARM.Collect$$libinit$$00000025  c_p.l(libinit2.o)
    0x0000013e   0x0000013e   0x00000000   Code   RO          197    .ARM.Collect$$libinit$$00000027  c_p.l(libinit2.o)
    0x0000013e   0x0000013e   0x00000000   Code   RO          201    .ARM.Collect$$libinit$$0000002E  c_p.l(libinit2.o)
    0x0000013e   0x0000013e   0x00000000   Code   RO          203    .ARM.Collect$$libinit$$00000030  c_p.l(libinit2.o)
    0x0000013e   0x0000013e   0x00000000   Code   RO          205    .ARM.Collect$$libinit$$00000032  c_p.l(libinit2.o)
    0x0000013e   0x0000013e   0x00000000   Code   RO          207    .ARM.Collect$$libinit$$00000034  c_p.l(libinit2.o)
    0x0000013e   0x0000013e   0x00000002   Code   RO          208    .ARM.Collect$$libinit$$00000035  c_p.l(libinit2.o)
    0x00000140   0x00000140   0x00000002   Code   RO          243    .ARM.Collect$$libshutdown$$00000000  c_p.l(libshutdown.o)
    0x00000142   0x00000142   0x00000000   Code   RO          271    .ARM.Collect$$libshutdown$$00000002  c_p.l(libshutdown2.o)
    0x00000142   0x00000142   0x00000000   Code   RO          273    .ARM.Collect$$libshutdown$$00000004  c_p.l(libshutdown2.o)
    0x00000142   0x00000142   0x00000000   Code   RO          276    .ARM.Collect$$libshutdown$$00000007  c_p.l(libshutdown2.o)
    0x00000142   0x00000142   0x00000000   Code   RO          279    .ARM.Collect$$libshutdown$$0000000A  c_p.l(libshutdown2.o)
    0x00000142   0x00000142   0x00000000   Code   RO          281    .ARM.Collect$$libshutdown$$0000000C  c_p.l(libshutdown2.o)
    0x00000142   0x00000142   0x00000000   Code   RO          284    .ARM.Collect$$libshutdown$$0000000F  c_p.l(libshutdown2.o)
    0x00000142   0x00000142   0x00000002   Code   RO          285    .ARM.Collect$$libshutdown$$00000010  c_p.l(libshutdown2.o)
    0x00000144   0x00000144   0x00000000   Code   RO          112    .ARM.Collect$$rtentry$$00000000  c_p.l(__rtentry.o)
    0x00000144   0x00000144   0x00000000   Code   RO          119    .ARM.Collect$$rtentry$$00000002  c_p.l(__rtentry2.o)
    0x00000144   0x00000144   0x00000006   Code   RO          131    .ARM.Collect$$rtentry$$00000004  c_p.l(__rtentry4.o)
    0x0000014a   0x0000014a   0x00000000   Code   RO          121    .ARM.Collect$$rtentry$$00000009  c_p.l(__rtentry2.o)
    0x0000014a   0x0000014a   0x00000004   Code   RO          122    .ARM.Collect$$rtentry$$0000000A  c_p.l(__rtentry2.o)
    0x0000014e   0x0000014e   0x00000000   Code   RO          124    .ARM.Collect$$rtentry$$0000000C  c_p.l(__rtentry2.o)
    0x0000014e   0x0000014e   0x00000008   Code   RO          125    .ARM.Collect$$rtentry$$0000000D  c_p.l(__rtentry2.o)
    0x00000156   0x00000156   0x00000002   Code   RO          154    .ARM.Collect$$rtexit$$00000000  c_p.l(rtexit.o)
    0x00000158   0x00000158   0x00000000   Code   RO          214    .ARM.Collect$$rtexit$$00000002  c_p.l(rtexit2.o)
    0x00000158   0x00000158   0x00000004   Code   RO          215    .ARM.Collect$$rtexit$$00000003  c_p.l(rtexit2.o)
    0x0000015c   0x0000015c   0x00000006   Code   RO          216    .ARM.Collect$$rtexit$$00000004  c_p.l(rtexit2.o)
    0x00000162   0x00000162   0x00000002   PAD
    0x00000164   0x00000164   0x00000040   Code   RO           59  * .text               startup_mkl25z4.o
    0x000001a4   0x000001a4   0x0000016c   Code   RO           81    .text               c_p.l(aeabi_sdiv.o)
    0x00000310   0x00000310   0x00000006   Code   RO           85    .text               c_p.l(heapauxi.o)
    0x00000316   0x00000316   0x00000002   PAD
    0x00000318   0x00000318   0x0000007c   Code   RO           89    .text               fz_ps.l(d2f.o)
    0x00000394   0x00000394   0x00000048   Code   RO           94    .text               fz_ps.l(dfixui.o)
    0x000003dc   0x000003dc   0x00000010   Code   RO          138    .text               c_p.l(exit.o)
    0x000003ec   0x000003ec   0x00000008   Code   RO          150    .text               c_p.l(libspace.o)
    0x000003f4   0x000003f4   0x0000000c   Code   RO          209    .text               c_p.l(sys_exit.o)
    0x00000400   0x00000400   0x00000010   Code   RO           58    .ARM.__at_0x400     startup_mkl25z4.o
    0x00000410   0x00000410   0x00000448   Code   RO           91    .text               fz_ps.l(ddiv.o)
    0x00000858   0x00000858   0x00000058   Code   RO           96    .text               fz_ps.l(dflti.o)
    0x000008b0   0x000008b0   0x00000248   Code   RO           98    .text               fz_ps.l(dmul.o)
    0x00000af8   0x00000af8   0x0000004c   Code   RO          106    .text               fz_ps.l(ffixi.o)
    0x00000b44   0x00000b44   0x0000005e   Code   RO          108    .text               fz_ps.l(fflti.o)
    0x00000ba2   0x00000ba2   0x0000003e   Code   RO          135    .text               c_p.l(sys_stackheap_outer.o)
    0x00000be0   0x00000be0   0x00000002   Code   RO          232    .text               c_p.l(use_no_semi.o)
    0x00000be2   0x00000be2   0x00000000   Code   RO          234    .text               c_p.l(indicate_semi.o)
    0x00000be2   0x00000be2   0x00000002   PAD
    0x00000be4   0x00000be4   0x0000003c   Code   RO           34    .text.ADC0_init     projectsa.o
    0x00000c20   0x00000c20   0x00000028   Code   RO           32    .text.DAC0_init     projectsa.o
    0x00000c48   0x00000c48   0x00000018   Code   RO            4    .text.Delay         projectsa.o
    0x00000c60   0x00000c60   0x00000038   Code   RO           20    .text.LCD_command   projectsa.o
    0x00000c98   0x00000c98   0x00000040   Code   RO            8    .text.LCD_data      projectsa.o
    0x00000cd8   0x00000cd8   0x000000a4   Code   RO           22    .text.LCD_init      projectsa.o
    0x00000d7c   0x00000d7c   0x00000078   Code   RO           24    .text.LCD_ready     projectsa.o
    0x00000df4   0x00000df4   0x00000030   Code   RO           38    .text.PORTA_IRQHandler  projectsa.o
    0x00000e24   0x00000e24   0x000000dc   Code   RO           36    .text.SysTick_Handler  projectsa.o
    0x00000f00   0x00000f00   0x0000000c   Code   RO           68    .text.SystemInit    system_mkl25z4.o
    0x00000f0c   0x00000f0c   0x0000002c   Code   RO           30    .text.__NVIC_EnableIRQ  projectsa.o
    0x00000f38   0x00000f38   0x00000214   Code   RO           28    .text.main          projectsa.o
    0x0000114c   0x0000114c   0x0000002e   Code   RO           14    .text.print_fnc     projectsa.o
    0x0000117a   0x0000117a   0x00000002   PAD
    0x0000117c   0x0000117c   0x000000b0   Code   RO          110    x$fpl$fmul          fz_ps.l(fmul.o)
    0x0000122c   0x0000122c   0x00000000   Code   RO          117    x$fpl$usenofp       fz_ps.l(usenofp.o)
    0x0000122c   0x0000122c   0x00000080   Data   RO           92    .constdata          fz_ps.l(ddiv.o)
    0x000012ac   0x000012ac   0x000000f4   Data   RO           44    .rodata.main.sawtooth  projectsa.o
    0x000013a0   0x000013a0   0x0000010c   Data   RO           43    .rodata.main.sinewave  projectsa.o
    0x000014ac   0x000014ac   0x00000104   Data   RO           45    .rodata.main.squarewave  projectsa.o
    0x000015b0   0x000015b0   0x00000016   Data   RO           47    .rodata.str1.1      projectsa.o
    0x000015c6   0x000015c6   0x00000002   PAD
    0x000015c8   0x000015c8   0x00000020   Data   RO          287    Region$$Table       anon$$obj.o


    Execution Region ER_RW (Exec base: 0x1ffff000, Load base: 0x000015e8, Size: 0x00000004, Max: 0xffffffff, ABSOLUTE)

    Exec Addr    Load Addr    Size         Type   Attr      Idx    E Section Name        Object

    0x1ffff000   0x000015e8   0x00000004   Data   RW           46    .data.n             projectsa.o


    Execution Region ER_ZI (Exec base: 0x1ffff008, Load base: 0x000015ec, Size: 0x00000168, Max: 0xffffffff, ABSOLUTE)

    Exec Addr    Load Addr    Size         Type   Attr      Idx    E Section Name        Object

    0x1ffff008        -       0x00000060   Zero   RW          151    .bss                c_p.l(libspace.o)
    0x1ffff068        -       0x00000004   Zero   RW           42    .bss.k              projectsa.o
    0x1ffff06c   0x000015ec   0x00000004   PAD
    0x1ffff070        -       0x00000000   Zero   RW           56    HEAP                startup_mkl25z4.o
    0x1ffff070        -       0x00000100   Zero   RW           55    STACK               startup_mkl25z4.o


==============================================================================

Image component sizes


      Code (inc. data)   RO Data    RW Data    ZI Data      Debug   Object Name

      1418        208        794          4          4       8655   projectsa.o
        80         44        192          0        256        892   startup_mkl25z4.o
        12          4          0          0          0       2567   system_mkl25z4.o

    ----------------------------------------------------------------------
      1512        256       1020          4        264      12114   Object Totals
         0          0         32          0          0          0   (incl. Generated)
         2          0          2          0          4          0   (incl. Padding)

    ----------------------------------------------------------------------

      Code (inc. data)   RO Data    RW Data    ZI Data      Debug   Library Member Name

         8          0          0          0          0         68   __main.o
         0          0          0          0          0          0   __rtentry.o
        12          0          0          0          0          0   __rtentry2.o
         6          0          0          0          0          0   __rtentry4.o
        60          8          0          0          0          0   __scatter.o
        26          0          0          0          0          0   __scatter_copy.o
        28          0          0          0          0          0   __scatter_zi.o
       364          4          0          0          0         92   aeabi_sdiv.o
        16          0          0          0          0         68   exit.o
         6          0          0          0          0        136   heapauxi.o
         0          0          0          0          0          0   indicate_semi.o
         2          0          0          0          0          0   libinit.o
         2          0          0          0          0          0   libinit2.o
         2          0          0          0          0          0   libshutdown.o
         2          0          0          0          0          0   libshutdown2.o
         8          4          0          0         96         68   libspace.o
         2          0          0          0          0          0   rtexit.o
        10          0          0          0          0          0   rtexit2.o
        12          4          0          0          0         60   sys_exit.o
        62          0          0          0          0         80   sys_stackheap_outer.o
         2          0          0          0          0         68   use_no_semi.o
       124          4          0          0          0         72   d2f.o
      1096         26        128          0          0        112   ddiv.o
        72          4          0          0          0         68   dfixui.o
        88          0          0          0          0         92   dflti.o
       584         26          0          0          0         84   dmul.o
        76          0          0          0          0         68   ffixi.o
        94          0          0          0          0         92   fflti.o
       176          4          0          0          0         80   fmul.o
         0          0          0          0          0          0   usenofp.o

    ----------------------------------------------------------------------
      2948         84        128          0         96       1308   Library Totals
         8          0          0          0          0          0   (incl. Padding)

    ----------------------------------------------------------------------

      Code (inc. data)   RO Data    RW Data    ZI Data      Debug   Library Name

       630         20          0          0         96        640   c_p.l
      2310         64        128          0          0        668   fz_ps.l

    ----------------------------------------------------------------------
      2948         84        128          0         96       1308   Library Totals

    ----------------------------------------------------------------------

==============================================================================


      Code (inc. data)   RO Data    RW Data    ZI Data      Debug   

      4460        340       1148          4        360      12898   Grand Totals
      4460        340       1148          4        360      12898   ELF Image Totals
      4460        340       1148          4          0          0   ROM Totals

==============================================================================

    Total RO  Size (Code + RO Data)                 5608 (   5.48kB)
    Total RW  Size (RW Data + ZI Data)               364 (   0.36kB)
    Total ROM Size (Code + RO Data + RW Data)       5612 (   5.48kB)

==============================================================================

